// Jest Snapshot v1, https://goo.gl/fbAQLP

exports[`App component renders App 1`] = `
<DocumentFragment>
  <div>
    <div>
      <form>
        <label
          for="search"
        >
          Search For News Articles
        </label>
        <input
          id="input"
          name="input"
          type="text"
          value=""
        />
        <button
          data-testid="search-button"
        >
          Submit
        </button>
      </form>
    </div>
    <ul
      data-testid="articles"
    />
  </div>
</DocumentFragment>
`;
